// Jest Snapshot v1, https://goo.gl/fbAQLP

exports[`apiRequestRoutine buildErrorResponse should build a correct response object in case of the http error 1`] = `
Object {
  "body": "{\\"status\\":\\"NotFoundError\\",\\"statusCode\\":404,\\"message\\":\\"Recourse not found\\"}",
  "statusCode": 404,
}
`;

exports[`apiRequestRoutine buildErrorResponse should build a correct response object in case of the internal error 1`] = `
Object {
  "body": "{\\"status\\":\\"ServiceUnavailableError\\",\\"statusCode\\":503,\\"message\\":\\"Upstream service is unavailable\\"}",
  "statusCode": 503,
}
`;

exports[`apiRequestRoutine buildJSONResponse should build a correct response object 1`] = `
Object {
  "body": "{\\"foo\\":\\"bar\\"}",
  "headers": Object {
    "Access-Control-Allow-Credentials": true,
    "Access-Control-Allow-Origin": "*",
  },
  "statusCode": 200,
}
`;

exports[`apiRequestRoutine should normalize event 1`] = `
Object {
  "body": "{\\"foo\\":\\"bar\\"}",
  "headers": Object {
    "Accept": "application/json",
    "Authorization": "valid_token",
    "Content-Type": "application/json",
  },
  "httpMethod": "POST",
  "isBase64Encoded": false,
  "path": "/account",
  "pathParameters": Object {},
  "queryStringParameters": Object {},
  "requestContext": Object {
    "accountId": "862946620411",
    "apiId": "q27n90kff1",
    "authorizer": Object {
      "principalId": "auth0|56cf10321c4c7f2e2fb264aa",
      "userId": "auth0|56cf10321c4c7f2e2fb264aa",
    },
    "httpMethod": "POST",
    "identity": Object {
      "accessKey": null,
      "accountId": null,
      "apiKey": null,
      "apiKeyId": null,
      "caller": null,
      "cognitoAuthenticationProvider": null,
      "cognitoAuthenticationType": null,
      "cognitoIdentityId": null,
      "cognitoIdentityPoolId": null,
      "sourceIp": "35.167.74.121",
      "user": null,
      "userAgent": "axios/0.15.2",
      "userArn": null,
    },
    "path": "/dev/account",
    "requestId": "c901f211-cc5e-11e8-b7a5-4bcd36c6e6f3",
    "requestTimeEpoch": 1539156810614,
    "resourceId": "una98p",
    "resourcePath": "/account",
    "stage": "dev",
  },
  "resource": "/account",
  "stageVariables": null,
  "user": Object {
    "principalId": "auth0|56cf10321c4c7f2e2fb264aa",
    "userId": "auth0|56cf10321c4c7f2e2fb264aa",
  },
}
`;

exports[`apiRequestRoutine should return error response if http error is thrown in handler 1`] = `
Object {
  "body": "{\\"status\\":\\"NotFoundError\\",\\"statusCode\\":404,\\"message\\":\\"Recourse not found\\"}",
  "statusCode": 404,
}
`;

exports[`apiRequestRoutine should return error response if internal error is thrown in handler 1`] = `
Object {
  "body": "{\\"status\\":\\"ServiceUnavailableError\\",\\"statusCode\\":503,\\"message\\":\\"Upstream service is unavailable\\"}",
  "statusCode": 503,
}
`;

exports[`apiRequestRoutine should return success response 1`] = `
Object {
  "body": "{\\"foo\\":\\"bar\\"}",
  "headers": Object {
    "Access-Control-Allow-Credentials": true,
    "Access-Control-Allow-Origin": "*",
  },
  "statusCode": 200,
}
`;
